INFO: Loading local template project
SUCCESS: The template is valid!
Template ID: threemonth03:science-europe-enhanced:0.3.45
Name:        Science Europe DMP — Output Profiles Pilot
License:     Apache-2.0
Description: Experimental derivative of dsw:science-europe:1.30.1 with completeness handling and shared PDF/Word reading structure
Formats:
 - HTML — Internal review
 - PDF — Internal review
 - LaTeX Document
 - Word — Internal review
 - HTML — Submission preview (pilot)
 - PDF — Submission preview (pilot)
 - Word — Submission preview (pilot)
 - OpenDocument Text
Files:
 - src/uuids.j2 [56.6 kB]
 - src/submission/index.html.j2 [228 Bytes]
 - src/submission/word.html.j2 [154 Bytes]
 - src/submission/pdf.html.j2 [152 Bytes]
 - src/word/short-tables.xml [2.4 kB]
 - src/word/versions.html.j2 [521 Bytes]
 - src/word/index.html.j2 [1.0 kB]
 - src/word/reference.docx [76.3 kB]
 - src/word/short-tables.lua [4.5 kB]
 - src/word/frontpage.html.j2 [240 Bytes]
 - src/word/preservation-reading.lua [3.6 kB]
 - src/word/pilot.lua [30.5 kB]
 - src/preservation-dataset.html.j2 [1.3 kB]
 - src/budget-reading.html.j2 [6.9 kB]
 - src/pdf/short-resources.html.j2 [8.4 kB]
 - src/pdf/index.html.j2 [303 Bytes]
 - src/pdf/short-resource-rows.html.j2 [4.5 kB]
 - src/document-provenance.html.j2 [278 Bytes]
 - src/versions.html.j2 [739 Bytes]
 - src/index.html.j2 [998 Bytes]
 - src/preservation-publication-reason.html.j2 [2.5 kB]
 - src/style.css [4.0 kB]
 - src/contributors.html.j2 [3.2 kB]
 - src/quality-control.html.j2 [5.5 kB]
 - src/macros.html.j2 [7.1 kB]
 - src/preservation-paper.html.j2 [1.6 kB]
 - src/post-project-archive.html.j2 [10.1 kB]
 - src/frontmatter.html.j2 [1.1 kB]
 - src/projects.html.j2 [4.7 kB]
 - src/globals.j2 [345 Bytes]
 - src/resource-prose.html.j2 [1.9 kB]
 - src/fonts/OFL.txt [4.4 kB]
 - src/fonts/PilotTC.ttf [11.9 MB]
 - src/storage-reading.html.j2 [2.7 kB]
 - src/header.html.j2 [5.5 kB]
 - src/layout.css [15.9 kB]
 - src/questions/13-persistent-identifier.html.j2 [14.7 kB]
 - src/questions/08-copyright-ipr.html.j2 [16.2 kB]
 - src/questions/14-dm-responsible.html.j2 [3.7 kB]
 - src/questions/09-ethical-issues.html.j2 [16.0 kB]
 - src/questions/10-share-restrictions.html.j2 [29.1 kB]
 - src/questions/03-docs-metadata.html.j2 [20.0 kB]
 - src/questions/11-data-preservation.html.j2 [19.0 kB]
 - src/questions/05-store-backup.html.j2 [14.5 kB]
 - src/questions/12-access-data.html.j2 [5.2 kB]
 - src/questions/04-quality-control.html.j2 [1.3 kB]
 - src/questions/15-required-resources.html.j2 [19.9 kB]
 - src/questions/02-what-data.html.j2 [20.8 kB]
 - src/questions/06-access-security.html.j2 [12.6 kB]
 - src/questions/07-personal-data.html.j2 [11.3 kB]
 - src/questions/01-how-data.html.j2 [38.0 kB]
 - src/content.html.j2 [2.0 kB]
INFO: Loading local template project
INFO: Adding template file src/uuids.j2
INFO: Adding template file src/submission/index.html.j2
INFO: Adding template file src/submission/word.html.j2
INFO: Adding template file src/submission/pdf.html.j2
INFO: Adding template asset src/word/short-tables.xml
INFO: Adding template file src/word/versions.html.j2
INFO: Adding template file src/word/index.html.j2
INFO: Adding template asset src/word/reference.docx
INFO: Adding template asset src/word/short-tables.lua
INFO: Adding template file src/word/frontpage.html.j2
INFO: Adding template asset src/word/preservation-reading.lua
INFO: Adding template asset src/word/pilot.lua
INFO: Adding template file src/preservation-dataset.html.j2
INFO: Adding template file src/budget-reading.html.j2
INFO: Adding template file src/pdf/short-resources.html.j2
INFO: Adding template file src/pdf/index.html.j2
INFO: Adding template file src/pdf/short-resource-rows.html.j2
INFO: Adding template file src/document-provenance.html.j2
INFO: Adding template file src/versions.html.j2
INFO: Adding template file src/index.html.j2
INFO: Adding template file src/preservation-publication-reason.html.j2
INFO: Adding template file src/style.css
INFO: Adding template file src/contributors.html.j2
INFO: Adding template file src/quality-control.html.j2
INFO: Adding template file src/macros.html.j2
INFO: Adding template file src/preservation-paper.html.j2
INFO: Adding template file src/post-project-archive.html.j2
INFO: Adding template file src/frontmatter.html.j2
INFO: Adding template file src/projects.html.j2
INFO: Adding template file src/globals.j2
INFO: Adding template file src/resource-prose.html.j2
INFO: Adding template file src/fonts/OFL.txt
INFO: Adding template asset src/fonts/PilotTC.ttf
INFO: Adding template file src/storage-reading.html.j2
INFO: Adding template file src/header.html.j2
INFO: Adding template file src/layout.css
INFO: Adding template file src/questions/13-persistent-identifier.html.j2
INFO: Adding template file src/questions/08-copyright-ipr.html.j2
INFO: Adding template file src/questions/14-dm-responsible.html.j2
INFO: Adding template file src/questions/09-ethical-issues.html.j2
INFO: Adding template file src/questions/10-share-restrictions.html.j2
INFO: Adding template file src/questions/03-docs-metadata.html.j2
INFO: Adding template file src/questions/11-data-preservation.html.j2
INFO: Adding template file src/questions/05-store-backup.html.j2
INFO: Adding template file src/questions/12-access-data.html.j2
INFO: Adding template file src/questions/04-quality-control.html.j2
INFO: Adding template file src/questions/15-required-resources.html.j2
INFO: Adding template file src/questions/02-what-data.html.j2
INFO: Adding template file src/questions/06-access-security.html.j2
INFO: Adding template file src/questions/07-personal-data.html.j2
INFO: Adding template file src/questions/01-how-data.html.j2
INFO: Adding template file src/content.html.j2
SUCCESS: Package /home/trc/Downloads/science-europe-template-zhtw/outputs/build-5cpo003p/english.zip created
