INFO: Authenticated as albert.einstein@example.com
INFO: Creating render project Science Europe pilot / empty
INFO: Applying 0 project events from /tmp/dsw-pilot-fixture-_mn4xcx7/events.json
INFO: Importing released template package /tmp/dsw-template-package-xo5cyse4/english.zip
INFO: Rendering project 4cf73b91-3b84-499f-abee-589a69ae57c8 with released template b9f9e706-46c7-4d3c-92f4-6c11b4fe261c
Traceback (most recent call last):
  File "/home/trc/Downloads/science-europe-template-zhtw/scripts/render.py", line 117, in <module>
    main()
    ~~~~^^
  File "/home/trc/Downloads/science-europe-template-zhtw/scripts/render.py", line 77, in main
    render_project(
    ~~~~~~~~~~~~~~^
        project_uuid=None,
        ^^^^^^^^^^^^^^^^^^
    ...<13 lines>...
        verify_ssl=True,
        ^^^^^^^^^^^^^^^^
    )
    ^
  File "/home/trc/Downloads/dsw-document-template-tool/src/dsw_document_template_tool/render_project.py", line 86, in render_project
    document, render_info = _render_released_template_package(
                            ~~~~~~~~~~~~~~~~~~~~~~~~~~~~~~~~~^
        client=client,
        ^^^^^^^^^^^^^^
    ...<4 lines>...
        poll_seconds=poll_seconds,
        ^^^^^^^^^^^^^^^^^^^^^^^^^^
    )
    ^
  File "/home/trc/Downloads/dsw-document-template-tool/src/dsw_document_template_tool/render_project.py", line 235, in _render_released_template_package
    client.poll_document_ready(
    ~~~~~~~~~~~~~~~~~~~~~~~~~~^
        project_uuid=project_uuid,
        ^^^^^^^^^^^^^^^^^^^^^^^^^^
    ...<2 lines>...
        poll_seconds=poll_seconds,
        ^^^^^^^^^^^^^^^^^^^^^^^^^^
    )
    ^
  File "/home/trc/Downloads/dsw-document-template-tool/src/dsw_document_template_tool/api.py", line 464, in poll_document_ready
    raise DSWAPIError(
    ...<2 lines>...
    )
dsw_document_template_tool.api.DSWAPIError: Document generation failed: No space left for this document: required 15.95 MB but only 11.99 MB remains.
